Traceback (most recent call last):
  File "/home/affneu/kenvdzee/.conda/envs/speakup_hpc/lib/python3.10/site-packages/pandas/core/indexes/base.py", line 3629, in get_loc
    return self._engine.get_loc(casted_key)
  File "pandas/_libs/index.pyx", line 136, in pandas._libs.index.IndexEngine.get_loc
  File "pandas/_libs/index.pyx", line 163, in pandas._libs.index.IndexEngine.get_loc
  File "pandas/_libs/hashtable_class_helper.pxi", line 5198, in pandas._libs.hashtable.PyObjectHashTable.get_item
  File "pandas/_libs/hashtable_class_helper.pxi", line 5206, in pandas._libs.hashtable.PyObjectHashTable.get_item
KeyError: 'subject_id'

The above exception was the direct cause of the following exception:

Traceback (most recent call last):
  File "/home/affneu/kenvdzee/Documents/phd_1_analysis/pre-processing behavioural/modelling/martin_modelling/fit_models_per_sub.py", line 228, in <module>
    df = load_subject_data(sub_id)
  File "/home/affneu/kenvdzee/Documents/phd_1_analysis/pre-processing behavioural/modelling/martin_modelling/fit_models_per_sub.py", line 41, in load_subject_data
    df = utils.import_functions.main(
  File "/home/affneu/kenvdzee/Documents/phd_1_analysis/utils/import_functions.py", line 475, in main
    dataframe = flip_joystick_data(dataframe)
  File "/home/affneu/kenvdzee/Documents/phd_1_analysis/utils/import_functions.py", line 219, in flip_joystick_data
    dataframe['sub_session'] = dataframe['subject_id'] + '_' + \
  File "/home/affneu/kenvdzee/.conda/envs/speakup_hpc/lib/python3.10/site-packages/pandas/core/frame.py", line 3505, in __getitem__
    indexer = self.columns.get_loc(key)
  File "/home/affneu/kenvdzee/.conda/envs/speakup_hpc/lib/python3.10/site-packages/pandas/core/indexes/base.py", line 3631, in get_loc
    raise KeyError(key) from err
KeyError: 'subject_id'

During handling of the above exception, another exception occurred:

Traceback (most recent call last):
  File "/home/affneu/kenvdzee/Documents/phd_1_analysis/pre-processing behavioural/modelling/martin_modelling/fit_models_per_sub.py", line 277, in <module>
    with open(SAVE_DIR / f"fit_subject_{sub_id}_error.txt", "w") as f:
TypeError: unsupported operand type(s) for /: 'str' and 'str'
